mode: atomic
github.com/onurcevik/notification-service/cmd/server/main.go:38.13,47.16 7 0
github.com/onurcevik/notification-service/cmd/server/main.go:47.16,49.3 1 0
github.com/onurcevik/notification-service/cmd/server/main.go:50.2,50.15 1 0
github.com/onurcevik/notification-service/cmd/server/main.go:50.15,51.62 1 0
github.com/onurcevik/notification-service/cmd/server/main.go:51.62,53.4 1 0
github.com/onurcevik/notification-service/cmd/server/main.go:56.2,57.16 2 0
github.com/onurcevik/notification-service/cmd/server/main.go:57.16,59.3 1 0
github.com/onurcevik/notification-service/cmd/server/main.go:60.2,61.56 2 0
github.com/onurcevik/notification-service/cmd/server/main.go:61.56,63.3 1 0
github.com/onurcevik/notification-service/cmd/server/main.go:65.2,66.61 2 0
github.com/onurcevik/notification-service/cmd/server/main.go:66.61,68.3 1 0
github.com/onurcevik/notification-service/cmd/server/main.go:69.2,79.23 8 0
github.com/onurcevik/notification-service/cmd/server/main.go:79.23,81.3 1 0
github.com/onurcevik/notification-service/cmd/server/main.go:82.2,83.62 2 0
github.com/onurcevik/notification-service/cmd/server/main.go:83.62,85.3 1 0
github.com/onurcevik/notification-service/cmd/server/main.go:86.2,123.12 12 0
github.com/onurcevik/notification-service/cmd/server/main.go:123.12,125.77 2 0
github.com/onurcevik/notification-service/cmd/server/main.go:125.77,127.4 1 0
github.com/onurcevik/notification-service/cmd/server/main.go:130.2,135.50 5 0
github.com/onurcevik/notification-service/cmd/server/main.go:135.50,137.3 1 0
github.com/onurcevik/notification-service/cmd/server/main.go:141.35,145.2 3 0
github.com/onurcevik/notification-service/docs/docs.go:465.13,467.2 1 0
github.com/onurcevik/notification-service/internal/telemetry/telemetry.go:17.67,18.14 1 0
github.com/onurcevik/notification-service/internal/telemetry/telemetry.go:18.14,20.3 1 0
github.com/onurcevik/notification-service/internal/telemetry/telemetry.go:21.2,22.16 2 0
github.com/onurcevik/notification-service/internal/telemetry/telemetry.go:22.16,24.3 1 0
github.com/onurcevik/notification-service/internal/telemetry/telemetry.go:25.2,33.25 3 0
github.com/onurcevik/notification-service/internal/mocks/event_repository.go:18.78,21.19 2 0
github.com/onurcevik/notification-service/internal/mocks/event_repository.go:21.19,22.52 1 0
github.com/onurcevik/notification-service/internal/mocks/event_repository.go:25.2,27.72 3 0
github.com/onurcevik/notification-service/internal/mocks/event_repository.go:27.72,29.3 1 0
github.com/onurcevik/notification-service/internal/mocks/event_repository.go:30.2,30.63 1 0
github.com/onurcevik/notification-service/internal/mocks/event_repository.go:30.63,32.3 1 0
github.com/onurcevik/notification-service/internal/mocks/event_repository.go:32.8,33.24 1 0
github.com/onurcevik/notification-service/internal/mocks/event_repository.go:33.24,35.4 1 0
github.com/onurcevik/notification-service/internal/mocks/event_repository.go:38.2,38.60 1 0
github.com/onurcevik/notification-service/internal/mocks/event_repository.go:38.60,40.3 1 0
github.com/onurcevik/notification-service/internal/mocks/event_repository.go:40.8,42.3 1 0
github.com/onurcevik/notification-service/internal/mocks/event_repository.go:44.2,44.15 1 0
github.com/onurcevik/notification-service/internal/mocks/event_repository.go:48.84,51.19 2 0
github.com/onurcevik/notification-service/internal/mocks/event_repository.go:51.19,52.58 1 0
github.com/onurcevik/notification-service/internal/mocks/event_repository.go:55.2,57.72 3 0
github.com/onurcevik/notification-service/internal/mocks/event_repository.go:57.72,59.3 1 0
github.com/onurcevik/notification-service/internal/mocks/event_repository.go:60.2,60.63 1 0
github.com/onurcevik/notification-service/internal/mocks/event_repository.go:60.63,62.3 1 0
github.com/onurcevik/notification-service/internal/mocks/event_repository.go:62.8,63.24 1 0
github.com/onurcevik/notification-service/internal/mocks/event_repository.go:63.24,65.4 1 0
github.com/onurcevik/notification-service/internal/mocks/event_repository.go:68.2,68.60 1 0
github.com/onurcevik/notification-service/internal/mocks/event_repository.go:68.60,70.3 1 0
github.com/onurcevik/notification-service/internal/mocks/event_repository.go:70.8,72.3 1 0
github.com/onurcevik/notification-service/internal/mocks/event_repository.go:74.2,74.15 1 0
github.com/onurcevik/notification-service/internal/mocks/event_repository.go:78.96,81.19 2 0
github.com/onurcevik/notification-service/internal/mocks/event_repository.go:81.19,82.48 1 0
github.com/onurcevik/notification-service/internal/mocks/event_repository.go:85.2,86.76 2 0
github.com/onurcevik/notification-service/internal/mocks/event_repository.go:86.76,88.3 1 0
github.com/onurcevik/notification-service/internal/mocks/event_repository.go:88.8,90.3 1 0
github.com/onurcevik/notification-service/internal/mocks/event_repository.go:92.2,92.11 1 0
github.com/onurcevik/notification-service/internal/mocks/event_repository.go:96.83,99.19 2 0
github.com/onurcevik/notification-service/internal/mocks/event_repository.go:99.19,100.55 1 0
github.com/onurcevik/notification-service/internal/mocks/event_repository.go:103.2,104.70 2 0
github.com/onurcevik/notification-service/internal/mocks/event_repository.go:104.70,106.3 1 0
github.com/onurcevik/notification-service/internal/mocks/event_repository.go:106.8,108.3 1 0
github.com/onurcevik/notification-service/internal/mocks/event_repository.go:110.2,110.11 1 0
github.com/onurcevik/notification-service/internal/mocks/event_repository.go:118.21,122.19 3 0
github.com/onurcevik/notification-service/internal/mocks/event_repository.go:122.19,122.49 1 0
github.com/onurcevik/notification-service/internal/mocks/event_repository.go:124.2,124.13 1 0
github.com/onurcevik/notification-service/internal/mocks/limiter.go:17.68,20.19 2 0
github.com/onurcevik/notification-service/internal/mocks/limiter.go:20.19,21.46 1 0
github.com/onurcevik/notification-service/internal/mocks/limiter.go:24.2,25.68 2 0
github.com/onurcevik/notification-service/internal/mocks/limiter.go:25.68,27.3 1 0
github.com/onurcevik/notification-service/internal/mocks/limiter.go:27.8,29.3 1 0
github.com/onurcevik/notification-service/internal/mocks/limiter.go:31.2,31.11 1 0
github.com/onurcevik/notification-service/internal/mocks/limiter.go:39.13,43.19 3 0
github.com/onurcevik/notification-service/internal/mocks/limiter.go:43.19,43.49 1 0
github.com/onurcevik/notification-service/internal/mocks/limiter.go:45.2,45.13 1 0
github.com/onurcevik/notification-service/internal/mocks/notification_repository.go:20.80,23.19 2 0
github.com/onurcevik/notification-service/internal/mocks/notification_repository.go:23.19,24.48 1 0
github.com/onurcevik/notification-service/internal/mocks/notification_repository.go:27.2,28.68 2 0
github.com/onurcevik/notification-service/internal/mocks/notification_repository.go:28.68,30.3 1 0
github.com/onurcevik/notification-service/internal/mocks/notification_repository.go:30.8,32.3 1 0
github.com/onurcevik/notification-service/internal/mocks/notification_repository.go:34.2,34.11 1 0
github.com/onurcevik/notification-service/internal/mocks/notification_repository.go:38.104,41.19 2 0
github.com/onurcevik/notification-service/internal/mocks/notification_repository.go:41.19,42.48 1 0
github.com/onurcevik/notification-service/internal/mocks/notification_repository.go:45.2,46.90 2 0
github.com/onurcevik/notification-service/internal/mocks/notification_repository.go:46.90,48.3 1 0
github.com/onurcevik/notification-service/internal/mocks/notification_repository.go:48.8,50.3 1 0
github.com/onurcevik/notification-service/internal/mocks/notification_repository.go:52.2,52.11 1 0
github.com/onurcevik/notification-service/internal/mocks/notification_repository.go:56.105,59.19 2 0
github.com/onurcevik/notification-service/internal/mocks/notification_repository.go:59.19,60.59 1 0
github.com/onurcevik/notification-service/internal/mocks/notification_repository.go:63.2,65.85 3 0
github.com/onurcevik/notification-service/internal/mocks/notification_repository.go:65.85,67.3 1 0
github.com/onurcevik/notification-service/internal/mocks/notification_repository.go:68.2,68.76 1 0
github.com/onurcevik/notification-service/internal/mocks/notification_repository.go:68.76,70.3 1 0
github.com/onurcevik/notification-service/internal/mocks/notification_repository.go:70.8,71.24 1 0
github.com/onurcevik/notification-service/internal/mocks/notification_repository.go:71.24,73.4 1 0
github.com/onurcevik/notification-service/internal/mocks/notification_repository.go:76.2,76.60 1 0
github.com/onurcevik/notification-service/internal/mocks/notification_repository.go:76.60,78.3 1 0
github.com/onurcevik/notification-service/internal/mocks/notification_repository.go:78.8,80.3 1 0
github.com/onurcevik/notification-service/internal/mocks/notification_repository.go:82.2,82.15 1 0
github.com/onurcevik/notification-service/internal/mocks/notification_repository.go:86.105,89.19 2 0
github.com/onurcevik/notification-service/internal/mocks/notification_repository.go:89.19,90.49 1 0
github.com/onurcevik/notification-service/internal/mocks/notification_repository.go:93.2,95.92 3 0
github.com/onurcevik/notification-service/internal/mocks/notification_repository.go:95.92,97.3 1 0
github.com/onurcevik/notification-service/internal/mocks/notification_repository.go:98.2,98.83 1 0
github.com/onurcevik/notification-service/internal/mocks/notification_repository.go:98.83,100.3 1 0
github.com/onurcevik/notification-service/internal/mocks/notification_repository.go:100.8,101.24 1 0
github.com/onurcevik/notification-service/internal/mocks/notification_repository.go:101.24,103.4 1 0
github.com/onurcevik/notification-service/internal/mocks/notification_repository.go:106.2,106.68 1 0
github.com/onurcevik/notification-service/internal/mocks/notification_repository.go:106.68,108.3 1 0
github.com/onurcevik/notification-service/internal/mocks/notification_repository.go:108.8,110.3 1 0
github.com/onurcevik/notification-service/internal/mocks/notification_repository.go:112.2,112.15 1 0
github.com/onurcevik/notification-service/internal/mocks/notification_repository.go:116.118,119.19 2 0
github.com/onurcevik/notification-service/internal/mocks/notification_repository.go:119.19,120.61 1 0
github.com/onurcevik/notification-service/internal/mocks/notification_repository.go:123.2,125.92 3 0
github.com/onurcevik/notification-service/internal/mocks/notification_repository.go:125.92,127.3 1 0
github.com/onurcevik/notification-service/internal/mocks/notification_repository.go:128.2,128.83 1 0
github.com/onurcevik/notification-service/internal/mocks/notification_repository.go:128.83,130.3 1 0
github.com/onurcevik/notification-service/internal/mocks/notification_repository.go:130.8,131.24 1 0
github.com/onurcevik/notification-service/internal/mocks/notification_repository.go:131.24,133.4 1 0
github.com/onurcevik/notification-service/internal/mocks/notification_repository.go:136.2,136.68 1 0
github.com/onurcevik/notification-service/internal/mocks/notification_repository.go:136.68,138.3 1 0
github.com/onurcevik/notification-service/internal/mocks/notification_repository.go:138.8,140.3 1 0
github.com/onurcevik/notification-service/internal/mocks/notification_repository.go:142.2,142.15 1 0
github.com/onurcevik/notification-service/internal/mocks/notification_repository.go:146.131,149.19 2 0
github.com/onurcevik/notification-service/internal/mocks/notification_repository.go:149.19,150.63 1 0
github.com/onurcevik/notification-service/internal/mocks/notification_repository.go:153.2,155.100 3 0
github.com/onurcevik/notification-service/internal/mocks/notification_repository.go:155.100,157.3 1 0
github.com/onurcevik/notification-service/internal/mocks/notification_repository.go:158.2,158.91 1 0
github.com/onurcevik/notification-service/internal/mocks/notification_repository.go:158.91,160.3 1 0
github.com/onurcevik/notification-service/internal/mocks/notification_repository.go:160.8,161.24 1 0
github.com/onurcevik/notification-service/internal/mocks/notification_repository.go:161.24,163.4 1 0
github.com/onurcevik/notification-service/internal/mocks/notification_repository.go:166.2,166.76 1 0
github.com/onurcevik/notification-service/internal/mocks/notification_repository.go:166.76,168.3 1 0
github.com/onurcevik/notification-service/internal/mocks/notification_repository.go:168.8,170.3 1 0
github.com/onurcevik/notification-service/internal/mocks/notification_repository.go:172.2,172.15 1 0
github.com/onurcevik/notification-service/internal/mocks/notification_repository.go:176.90,179.19 2 0
github.com/onurcevik/notification-service/internal/mocks/notification_repository.go:179.19,180.58 1 0
github.com/onurcevik/notification-service/internal/mocks/notification_repository.go:183.2,184.68 2 0
github.com/onurcevik/notification-service/internal/mocks/notification_repository.go:184.68,186.3 1 0
github.com/onurcevik/notification-service/internal/mocks/notification_repository.go:186.8,188.3 1 0
github.com/onurcevik/notification-service/internal/mocks/notification_repository.go:190.2,190.11 1 0
github.com/onurcevik/notification-service/internal/mocks/notification_repository.go:194.117,197.19 2 0
github.com/onurcevik/notification-service/internal/mocks/notification_repository.go:197.19,198.46 1 0
github.com/onurcevik/notification-service/internal/mocks/notification_repository.go:201.2,204.108 4 0
github.com/onurcevik/notification-service/internal/mocks/notification_repository.go:204.108,206.3 1 0
github.com/onurcevik/notification-service/internal/mocks/notification_repository.go:207.2,207.91 1 0
github.com/onurcevik/notification-service/internal/mocks/notification_repository.go:207.91,209.3 1 0
github.com/onurcevik/notification-service/internal/mocks/notification_repository.go:209.8,210.24 1 0
github.com/onurcevik/notification-service/internal/mocks/notification_repository.go:210.24,212.4 1 0
github.com/onurcevik/notification-service/internal/mocks/notification_repository.go:215.2,215.76 1 0
github.com/onurcevik/notification-service/internal/mocks/notification_repository.go:215.76,217.3 1 0
github.com/onurcevik/notification-service/internal/mocks/notification_repository.go:217.8,219.3 1 0
github.com/onurcevik/notification-service/internal/mocks/notification_repository.go:221.2,221.75 1 0
github.com/onurcevik/notification-service/internal/mocks/notification_repository.go:221.75,223.3 1 0
github.com/onurcevik/notification-service/internal/mocks/notification_repository.go:223.8,225.3 1 0
github.com/onurcevik/notification-service/internal/mocks/notification_repository.go:227.2,227.19 1 0
github.com/onurcevik/notification-service/internal/mocks/notification_repository.go:231.130,234.19 2 0
github.com/onurcevik/notification-service/internal/mocks/notification_repository.go:234.19,235.54 1 0
github.com/onurcevik/notification-service/internal/mocks/notification_repository.go:238.2,239.91 2 0
github.com/onurcevik/notification-service/internal/mocks/notification_repository.go:239.91,241.3 1 0
github.com/onurcevik/notification-service/internal/mocks/notification_repository.go:241.8,243.3 1 0
github.com/onurcevik/notification-service/internal/mocks/notification_repository.go:245.2,245.11 1 0
github.com/onurcevik/notification-service/internal/mocks/notification_repository.go:253.28,257.19 3 0
github.com/onurcevik/notification-service/internal/mocks/notification_repository.go:257.19,257.49 1 0
github.com/onurcevik/notification-service/internal/mocks/notification_repository.go:259.2,259.13 1 0
github.com/onurcevik/notification-service/internal/mocks/provider.go:18.103,21.19 2 0
github.com/onurcevik/notification-service/internal/mocks/provider.go:21.19,22.46 1 0
github.com/onurcevik/notification-service/internal/mocks/provider.go:25.2,27.108 3 0
github.com/onurcevik/notification-service/internal/mocks/provider.go:27.108,29.3 1 0
github.com/onurcevik/notification-service/internal/mocks/provider.go:30.2,30.99 1 0
github.com/onurcevik/notification-service/internal/mocks/provider.go:30.99,32.3 1 0
github.com/onurcevik/notification-service/internal/mocks/provider.go:32.8,33.24 1 0
github.com/onurcevik/notification-service/internal/mocks/provider.go:33.24,35.4 1 0
github.com/onurcevik/notification-service/internal/mocks/provider.go:38.2,38.82 1 0
github.com/onurcevik/notification-service/internal/mocks/provider.go:38.82,40.3 1 0
github.com/onurcevik/notification-service/internal/mocks/provider.go:40.8,42.3 1 0
github.com/onurcevik/notification-service/internal/mocks/provider.go:44.2,44.15 1 0
github.com/onurcevik/notification-service/internal/mocks/provider.go:52.14,56.19 3 0
github.com/onurcevik/notification-service/internal/mocks/provider.go:56.19,56.49 1 0
github.com/onurcevik/notification-service/internal/mocks/provider.go:58.2,58.13 1 0
github.com/onurcevik/notification-service/internal/mocks/transactor.go:18.89,21.19 2 0
github.com/onurcevik/notification-service/internal/mocks/transactor.go:21.19,22.57 1 0
github.com/onurcevik/notification-service/internal/mocks/transactor.go:25.2,26.80 2 0
github.com/onurcevik/notification-service/internal/mocks/transactor.go:26.80,28.3 1 0
github.com/onurcevik/notification-service/internal/mocks/transactor.go:28.8,30.3 1 0
github.com/onurcevik/notification-service/internal/mocks/transactor.go:32.2,32.11 1 0
github.com/onurcevik/notification-service/internal/mocks/transactor.go:40.16,44.19 3 0
github.com/onurcevik/notification-service/internal/mocks/transactor.go:44.19,44.49 1 0
github.com/onurcevik/notification-service/internal/mocks/transactor.go:46.2,46.13 1 0
github.com/onurcevik/notification-service/internal/worker/pool.go:53.9,55.18 2 0
github.com/onurcevik/notification-service/internal/worker/pool.go:55.18,57.3 1 0
github.com/onurcevik/notification-service/internal/worker/pool.go:58.2,59.30 2 0
github.com/onurcevik/notification-service/internal/worker/pool.go:59.30,61.3 1 0
github.com/onurcevik/notification-service/internal/worker/pool.go:62.2,63.22 2 0
github.com/onurcevik/notification-service/internal/worker/pool.go:63.22,65.3 1 0
github.com/onurcevik/notification-service/internal/worker/pool.go:66.2,67.36 2 0
github.com/onurcevik/notification-service/internal/worker/pool.go:67.36,73.52 1 0
github.com/onurcevik/notification-service/internal/worker/pool.go:73.52,75.5 1 0
github.com/onurcevik/notification-service/internal/worker/pool.go:78.2,87.3 1 0
github.com/onurcevik/notification-service/internal/worker/pool.go:91.41,93.12 2 0
github.com/onurcevik/notification-service/internal/worker/pool.go:93.12,95.3 1 0
github.com/onurcevik/notification-service/internal/worker/pool.go:96.2,97.36 2 0
github.com/onurcevik/notification-service/internal/worker/pool.go:97.36,99.26 2 0
github.com/onurcevik/notification-service/internal/worker/pool.go:99.26,102.4 2 0
github.com/onurcevik/notification-service/internal/worker/pool.go:104.2,105.39 2 0
github.com/onurcevik/notification-service/internal/worker/pool.go:108.94,121.2 3 0
github.com/onurcevik/notification-service/internal/worker/pool.go:125.64,127.31 2 0
github.com/onurcevik/notification-service/internal/worker/pool.go:127.31,129.3 1 0
github.com/onurcevik/notification-service/internal/worker/pool.go:130.2,130.12 1 0
github.com/onurcevik/notification-service/internal/worker/pool.go:134.47,135.34 1 0
github.com/onurcevik/notification-service/internal/worker/pool.go:135.34,137.3 1 0
github.com/onurcevik/notification-service/internal/worker/pool.go:138.2,138.18 1 0
github.com/onurcevik/notification-service/internal/worker/processor.go:88.14,99.2 1 0
github.com/onurcevik/notification-service/internal/worker/processor.go:101.65,102.6 1 0
github.com/onurcevik/notification-service/internal/worker/processor.go:102.6,103.10 1 0
github.com/onurcevik/notification-service/internal/worker/processor.go:104.21,105.10 1 0
github.com/onurcevik/notification-service/internal/worker/processor.go:106.11,108.18 2 0
github.com/onurcevik/notification-service/internal/worker/processor.go:108.18,111.13 3 0
github.com/onurcevik/notification-service/internal/worker/processor.go:113.4,113.18 1 0
github.com/onurcevik/notification-service/internal/worker/processor.go:113.18,115.13 2 0
github.com/onurcevik/notification-service/internal/worker/processor.go:117.4,117.23 1 0
github.com/onurcevik/notification-service/internal/worker/processor.go:122.70,134.84 6 0
github.com/onurcevik/notification-service/internal/worker/processor.go:134.84,137.3 2 0
github.com/onurcevik/notification-service/internal/worker/processor.go:138.2,138.24 1 0
github.com/onurcevik/notification-service/internal/worker/processor.go:138.24,140.3 1 0
github.com/onurcevik/notification-service/internal/worker/processor.go:142.2,143.64 2 0
github.com/onurcevik/notification-service/internal/worker/processor.go:143.64,144.18 1 0
github.com/onurcevik/notification-service/internal/worker/processor.go:144.18,146.31 2 0
github.com/onurcevik/notification-service/internal/worker/processor.go:146.31,148.5 1 0
github.com/onurcevik/notification-service/internal/worker/processor.go:149.4,151.11 3 0
github.com/onurcevik/notification-service/internal/worker/processor.go:152.38,152.38 0 0
github.com/onurcevik/notification-service/internal/worker/processor.go:153.22,154.11 1 0
github.com/onurcevik/notification-service/internal/worker/processor.go:158.3,158.64 1 0
github.com/onurcevik/notification-service/internal/worker/processor.go:158.64,160.12 2 0
github.com/onurcevik/notification-service/internal/worker/processor.go:163.3,164.17 2 0
github.com/onurcevik/notification-service/internal/worker/processor.go:164.17,167.12 3 0
github.com/onurcevik/notification-service/internal/worker/processor.go:169.3,169.43 1 0
github.com/onurcevik/notification-service/internal/worker/processor.go:169.43,171.26 2 0
github.com/onurcevik/notification-service/internal/worker/processor.go:171.26,173.5 1 0
github.com/onurcevik/notification-service/internal/worker/processor.go:174.4,175.10 2 0
github.com/onurcevik/notification-service/internal/worker/processor.go:178.3,178.56 1 0
github.com/onurcevik/notification-service/internal/worker/processor.go:178.56,180.4 1 0
github.com/onurcevik/notification-service/internal/worker/processor.go:182.3,182.60 1 0
github.com/onurcevik/notification-service/internal/worker/processor.go:182.60,184.4 1 0
github.com/onurcevik/notification-service/internal/worker/processor.go:186.3,186.17 1 0
github.com/onurcevik/notification-service/internal/worker/processor.go:186.17,194.12 3 0
github.com/onurcevik/notification-service/internal/worker/processor.go:197.3,198.114 2 0
github.com/onurcevik/notification-service/internal/worker/processor.go:198.114,200.4 1 0
github.com/onurcevik/notification-service/internal/worker/processor.go:201.3,201.25 1 0
github.com/onurcevik/notification-service/internal/worker/processor.go:201.25,203.4 1 0
github.com/onurcevik/notification-service/internal/worker/processor.go:204.3,216.9 7 0
github.com/onurcevik/notification-service/internal/worker/processor.go:219.2,219.80 1 0
github.com/onurcevik/notification-service/internal/worker/processor.go:219.80,221.3 1 0
github.com/onurcevik/notification-service/internal/worker/processor.go:222.2,222.24 1 0
github.com/onurcevik/notification-service/internal/worker/processor.go:222.24,224.3 1 0
github.com/onurcevik/notification-service/internal/worker/processor.go:225.2,233.48 4 0
github.com/onurcevik/notification-service/internal/config/config.go:47.21,80.2 4 4
github.com/onurcevik/notification-service/internal/config/config.go:82.42,83.34 1 48
github.com/onurcevik/notification-service/internal/config/config.go:83.34,85.3 1 12
github.com/onurcevik/notification-service/internal/config/config.go:86.2,86.17 1 36
github.com/onurcevik/notification-service/internal/config/config.go:89.46,90.34 1 36
github.com/onurcevik/notification-service/internal/config/config.go:90.34,91.44 1 1
github.com/onurcevik/notification-service/internal/config/config.go:91.44,93.4 1 1
github.com/onurcevik/notification-service/internal/config/config.go:95.2,95.17 1 35
github.com/onurcevik/notification-service/internal/hub/hub.go:21.17,23.2 1 3
github.com/onurcevik/notification-service/internal/hub/hub.go:27.64,32.23 5 13
github.com/onurcevik/notification-service/internal/hub/hub.go:32.23,37.3 4 13
github.com/onurcevik/notification-service/internal/hub/hub.go:38.2,38.24 1 13
github.com/onurcevik/notification-service/internal/hub/hub.go:42.56,45.16 3 23
github.com/onurcevik/notification-service/internal/hub/hub.go:45.16,47.3 1 0
github.com/onurcevik/notification-service/internal/hub/hub.go:48.2,50.28 3 23
github.com/onurcevik/notification-service/internal/hub/hub.go:50.28,51.10 1 204
github.com/onurcevik/notification-service/internal/hub/hub.go:52.22,52.22 0 204
github.com/onurcevik/notification-service/internal/hub/hub.go:53.11,53.11 0 0
github.com/onurcevik/notification-service/internal/handler/dto.go:80.65,87.22 2 6
github.com/onurcevik/notification-service/internal/handler/dto.go:87.22,89.3 1 4
github.com/onurcevik/notification-service/internal/handler/dto.go:90.2,90.28 1 6
github.com/onurcevik/notification-service/internal/handler/dto.go:90.28,92.3 1 0
github.com/onurcevik/notification-service/internal/handler/dto.go:93.2,93.26 1 6
github.com/onurcevik/notification-service/internal/handler/dto.go:93.26,95.3 1 0
github.com/onurcevik/notification-service/internal/handler/dto.go:96.2,96.10 1 6
github.com/onurcevik/notification-service/internal/handler/dto.go:100.62,116.2 1 6
github.com/onurcevik/notification-service/internal/handler/dto.go:119.70,121.20 2 1
github.com/onurcevik/notification-service/internal/handler/dto.go:121.20,123.3 1 1
github.com/onurcevik/notification-service/internal/handler/dto.go:124.2,124.12 1 1
github.com/onurcevik/notification-service/internal/handler/health.go:30.111,36.2 1 0
github.com/onurcevik/notification-service/internal/handler/health.go:43.62,45.2 1 0
github.com/onurcevik/notification-service/internal/handler/health.go:48.72,53.41 4 4
github.com/onurcevik/notification-service/internal/handler/health.go:53.41,55.3 1 1
github.com/onurcevik/notification-service/internal/handler/health.go:57.2,58.40 2 4
github.com/onurcevik/notification-service/internal/handler/health.go:58.40,60.3 1 1
github.com/onurcevik/notification-service/internal/handler/health.go:62.2,64.45 3 4
github.com/onurcevik/notification-service/internal/handler/health.go:64.45,67.3 2 2
github.com/onurcevik/notification-service/internal/handler/health.go:69.2,74.28 2 4
github.com/onurcevik/notification-service/internal/handler/health.go:74.28,81.3 1 1
github.com/onurcevik/notification-service/internal/handler/health.go:82.2,82.32 1 4
github.com/onurcevik/notification-service/internal/handler/metrics.go:33.48,34.17 1 0
github.com/onurcevik/notification-service/internal/handler/metrics.go:35.13,36.24 1 0
github.com/onurcevik/notification-service/internal/handler/metrics.go:37.15,38.26 1 0
github.com/onurcevik/notification-service/internal/handler/metrics.go:39.14,40.25 1 0
github.com/onurcevik/notification-service/internal/handler/metrics.go:45.45,46.17 1 0
github.com/onurcevik/notification-service/internal/handler/metrics.go:47.13,48.21 1 0
github.com/onurcevik/notification-service/internal/handler/metrics.go:49.15,50.23 1 0
github.com/onurcevik/notification-service/internal/handler/metrics.go:51.14,52.22 1 0
github.com/onurcevik/notification-service/internal/handler/metrics.go:57.66,59.17 2 0
github.com/onurcevik/notification-service/internal/handler/metrics.go:60.13,62.25 2 0
github.com/onurcevik/notification-service/internal/handler/metrics.go:63.15,65.27 2 0
github.com/onurcevik/notification-service/internal/handler/metrics.go:66.14,68.26 2 0
github.com/onurcevik/notification-service/internal/handler/metrics.go:72.49,73.16 1 0
github.com/onurcevik/notification-service/internal/handler/metrics.go:73.16,75.3 1 0
github.com/onurcevik/notification-service/internal/handler/metrics.go:76.2,76.48 1 0
github.com/onurcevik/notification-service/internal/handler/metrics.go:92.111,94.2 1 0
github.com/onurcevik/notification-service/internal/handler/metrics.go:99.74,142.28 12 0
github.com/onurcevik/notification-service/internal/handler/metrics.go:142.28,148.3 1 0
github.com/onurcevik/notification-service/internal/handler/metrics.go:149.2,149.38 1 0
github.com/onurcevik/notification-service/internal/handler/metrics.go:153.50,155.16 2 0
github.com/onurcevik/notification-service/internal/handler/metrics.go:155.16,157.3 1 0
github.com/onurcevik/notification-service/internal/handler/metrics.go:158.2,158.16 1 0
github.com/onurcevik/notification-service/internal/handler/middleware.go:15.62,16.71 1 0
github.com/onurcevik/notification-service/internal/handler/middleware.go:16.71,18.15 2 0
github.com/onurcevik/notification-service/internal/handler/middleware.go:18.15,20.4 1 0
github.com/onurcevik/notification-service/internal/handler/middleware.go:21.3,23.68 3 0
github.com/onurcevik/notification-service/internal/handler/middleware.go:27.55,28.71 1 0
github.com/onurcevik/notification-service/internal/handler/middleware.go:28.71,38.3 4 0
github.com/onurcevik/notification-service/internal/handler/middleware.go:46.51,49.2 2 0
github.com/onurcevik/notification-service/internal/handler/middleware.go:53.73,55.9 2 2
github.com/onurcevik/notification-service/internal/handler/middleware.go:55.9,57.3 1 1
github.com/onurcevik/notification-service/internal/handler/middleware.go:58.2,58.19 1 1
github.com/onurcevik/notification-service/internal/handler/middleware.go:65.36,65.90 1 1
github.com/onurcevik/notification-service/internal/handler/notification.go:37.75,39.2 1 18
github.com/onurcevik/notification-service/internal/handler/notification.go:52.78,58.61 5 5
github.com/onurcevik/notification-service/internal/handler/notification.go:58.61,61.3 2 0
github.com/onurcevik/notification-service/internal/handler/notification.go:62.2,62.24 1 5
github.com/onurcevik/notification-service/internal/handler/notification.go:62.24,64.17 2 2
github.com/onurcevik/notification-service/internal/handler/notification.go:64.17,67.4 2 1
github.com/onurcevik/notification-service/internal/handler/notification.go:68.3,68.24 1 1
github.com/onurcevik/notification-service/internal/handler/notification.go:70.2,70.42 1 4
github.com/onurcevik/notification-service/internal/handler/notification.go:70.42,73.3 2 1
github.com/onurcevik/notification-service/internal/handler/notification.go:75.2,76.16 2 3
github.com/onurcevik/notification-service/internal/handler/notification.go:76.16,79.3 2 1
github.com/onurcevik/notification-service/internal/handler/notification.go:80.2,81.14 2 2
github.com/onurcevik/notification-service/internal/handler/notification.go:81.14,83.3 1 0
github.com/onurcevik/notification-service/internal/handler/notification.go:84.2,84.37 1 2
github.com/onurcevik/notification-service/internal/handler/notification.go:97.83,103.61 5 4
github.com/onurcevik/notification-service/internal/handler/notification.go:103.61,106.3 2 0
github.com/onurcevik/notification-service/internal/handler/notification.go:107.2,107.33 1 4
github.com/onurcevik/notification-service/internal/handler/notification.go:107.33,110.3 2 1
github.com/onurcevik/notification-service/internal/handler/notification.go:111.2,111.35 1 3
github.com/onurcevik/notification-service/internal/handler/notification.go:111.35,114.3 2 1
github.com/onurcevik/notification-service/internal/handler/notification.go:116.2,117.41 2 2
github.com/onurcevik/notification-service/internal/handler/notification.go:117.41,118.44 1 3
github.com/onurcevik/notification-service/internal/handler/notification.go:118.44,121.4 2 0
github.com/onurcevik/notification-service/internal/handler/notification.go:122.3,122.54 1 3
github.com/onurcevik/notification-service/internal/handler/notification.go:125.2,126.16 2 2
github.com/onurcevik/notification-service/internal/handler/notification.go:126.16,129.3 2 1
github.com/onurcevik/notification-service/internal/handler/notification.go:131.2,132.22 2 1
github.com/onurcevik/notification-service/internal/handler/notification.go:132.22,134.3 1 1
github.com/onurcevik/notification-service/internal/handler/notification.go:135.2,135.28 1 1
github.com/onurcevik/notification-service/internal/handler/notification.go:135.28,137.3 1 2
github.com/onurcevik/notification-service/internal/handler/notification.go:138.2,138.40 1 1
github.com/onurcevik/notification-service/internal/handler/notification.go:150.75,158.16 7 3
github.com/onurcevik/notification-service/internal/handler/notification.go:158.16,159.45 1 2
github.com/onurcevik/notification-service/internal/handler/notification.go:159.45,162.4 2 1
github.com/onurcevik/notification-service/internal/handler/notification.go:163.3,164.9 2 1
github.com/onurcevik/notification-service/internal/handler/notification.go:166.2,166.44 1 1
github.com/onurcevik/notification-service/internal/handler/notification.go:183.76,191.35 6 2
github.com/onurcevik/notification-service/internal/handler/notification.go:191.35,195.3 3 0
github.com/onurcevik/notification-service/internal/handler/notification.go:196.2,196.36 1 2
github.com/onurcevik/notification-service/internal/handler/notification.go:196.36,200.3 3 0
github.com/onurcevik/notification-service/internal/handler/notification.go:201.2,201.37 1 2
github.com/onurcevik/notification-service/internal/handler/notification.go:201.37,204.3 2 0
github.com/onurcevik/notification-service/internal/handler/notification.go:205.2,205.42 1 2
github.com/onurcevik/notification-service/internal/handler/notification.go:205.42,206.56 1 0
github.com/onurcevik/notification-service/internal/handler/notification.go:206.56,209.4 2 0
github.com/onurcevik/notification-service/internal/handler/notification.go:211.2,211.43 1 2
github.com/onurcevik/notification-service/internal/handler/notification.go:211.43,212.56 1 0
github.com/onurcevik/notification-service/internal/handler/notification.go:212.56,215.4 2 0
github.com/onurcevik/notification-service/internal/handler/notification.go:217.2,217.34 1 2
github.com/onurcevik/notification-service/internal/handler/notification.go:217.34,218.44 1 0
github.com/onurcevik/notification-service/internal/handler/notification.go:218.44,220.4 1 0
github.com/onurcevik/notification-service/internal/handler/notification.go:222.2,222.35 1 2
github.com/onurcevik/notification-service/internal/handler/notification.go:222.35,224.3 1 0
github.com/onurcevik/notification-service/internal/handler/notification.go:225.2,227.45 2 2
github.com/onurcevik/notification-service/internal/handler/notification.go:227.45,230.22 3 0
github.com/onurcevik/notification-service/internal/handler/notification.go:230.22,231.68 1 0
github.com/onurcevik/notification-service/internal/handler/notification.go:231.68,234.5 2 0
github.com/onurcevik/notification-service/internal/handler/notification.go:238.2,239.16 2 2
github.com/onurcevik/notification-service/internal/handler/notification.go:239.16,243.3 3 1
github.com/onurcevik/notification-service/internal/handler/notification.go:245.2,248.4 1 1
github.com/onurcevik/notification-service/internal/handler/notification.go:260.78,268.16 7 4
github.com/onurcevik/notification-service/internal/handler/notification.go:268.16,269.10 1 3
github.com/onurcevik/notification-service/internal/handler/notification.go:270.47,271.69 1 1
github.com/onurcevik/notification-service/internal/handler/notification.go:272.51,273.103 1 1
github.com/onurcevik/notification-service/internal/handler/notification.go:274.11,275.87 1 1
github.com/onurcevik/notification-service/internal/handler/notification.go:277.3,277.9 1 3
github.com/onurcevik/notification-service/internal/handler/notification.go:279.2,279.37 1 1
github.com/onurcevik/notification-service/internal/handler/responsewriter.go:8.58,12.2 3 21
github.com/onurcevik/notification-service/internal/handler/responsewriter.go:14.85,16.2 1 12
github.com/onurcevik/notification-service/internal/handler/router.go:23.16,34.36 8 0
github.com/onurcevik/notification-service/internal/handler/router.go:34.36,38.23 4 0
github.com/onurcevik/notification-service/internal/handler/router.go:38.23,40.4 1 0
github.com/onurcevik/notification-service/internal/handler/router.go:41.3,42.55 2 0
github.com/onurcevik/notification-service/internal/handler/router.go:45.2,49.10 4 0
github.com/onurcevik/notification-service/internal/handler/template_render.go:10.74,11.16 1 7
github.com/onurcevik/notification-service/internal/handler/template_render.go:11.16,13.3 1 1
github.com/onurcevik/notification-service/internal/handler/template_render.go:14.2,15.16 2 6
github.com/onurcevik/notification-service/internal/handler/template_render.go:15.16,17.3 1 2
github.com/onurcevik/notification-service/internal/handler/template_render.go:18.2,19.46 2 4
github.com/onurcevik/notification-service/internal/handler/template_render.go:19.46,21.3 1 0
github.com/onurcevik/notification-service/internal/handler/template_render.go:22.2,22.26 1 4
github.com/onurcevik/notification-service/internal/handler/validator.go:11.59,14.38 2 22
github.com/onurcevik/notification-service/internal/handler/validator.go:15.13,16.44 1 14
github.com/onurcevik/notification-service/internal/handler/validator.go:16.44,18.4 1 2
github.com/onurcevik/notification-service/internal/handler/validator.go:19.3,19.54 1 14
github.com/onurcevik/notification-service/internal/handler/validator.go:19.54,21.4 1 2
github.com/onurcevik/notification-service/internal/handler/validator.go:22.15,23.45 1 4
github.com/onurcevik/notification-service/internal/handler/validator.go:23.45,25.4 1 1
github.com/onurcevik/notification-service/internal/handler/validator.go:26.3,26.55 1 4
github.com/onurcevik/notification-service/internal/handler/validator.go:26.55,28.4 1 1
github.com/onurcevik/notification-service/internal/handler/validator.go:29.14,30.26 1 3
github.com/onurcevik/notification-service/internal/handler/validator.go:30.26,32.4 1 1
github.com/onurcevik/notification-service/internal/handler/validator.go:33.3,33.54 1 3
github.com/onurcevik/notification-service/internal/handler/validator.go:33.54,35.4 1 1
github.com/onurcevik/notification-service/internal/handler/validator.go:36.10,37.91 1 1
github.com/onurcevik/notification-service/internal/handler/validator.go:40.2,40.24 1 22
github.com/onurcevik/notification-service/internal/handler/validator.go:40.24,41.40 1 6
github.com/onurcevik/notification-service/internal/handler/validator.go:42.32,42.32 0 5
github.com/onurcevik/notification-service/internal/handler/validator.go:43.11,44.94 1 1
github.com/onurcevik/notification-service/internal/handler/validator.go:48.2,48.13 1 22
github.com/onurcevik/notification-service/internal/handler/websocket.go:14.46,14.61 1 0
github.com/onurcevik/notification-service/internal/handler/websocket.go:28.57,30.2 1 0
github.com/onurcevik/notification-service/internal/handler/websocket.go:33.78,35.16 2 0
github.com/onurcevik/notification-service/internal/handler/websocket.go:35.16,38.3 2 0
github.com/onurcevik/notification-service/internal/handler/websocket.go:39.2,46.41 5 0
github.com/onurcevik/notification-service/internal/handler/websocket.go:46.41,49.3 2 0
github.com/onurcevik/notification-service/internal/handler/websocket.go:50.2,54.12 4 0
github.com/onurcevik/notification-service/internal/handler/websocket.go:54.12,56.7 2 0
github.com/onurcevik/notification-service/internal/handler/websocket.go:56.7,57.51 1 0
github.com/onurcevik/notification-service/internal/handler/websocket.go:57.51,59.5 1 0
github.com/onurcevik/notification-service/internal/handler/websocket.go:63.2,63.6 1 0
github.com/onurcevik/notification-service/internal/handler/websocket.go:63.6,64.10 1 0
github.com/onurcevik/notification-service/internal/handler/websocket.go:65.15,66.10 1 0
github.com/onurcevik/notification-service/internal/handler/websocket.go:67.28,68.11 1 0
github.com/onurcevik/notification-service/internal/handler/websocket.go:68.11,70.5 1 0
github.com/onurcevik/notification-service/internal/handler/websocket.go:71.4,71.76 1 0
github.com/onurcevik/notification-service/internal/handler/websocket.go:71.76,73.5 1 0
github.com/onurcevik/notification-service/internal/handler/websocket.go:74.19,75.109 1 0
github.com/onurcevik/notification-service/internal/handler/websocket.go:75.109,77.5 1 0
github.com/onurcevik/notification-service/internal/queue/relay.go:26.16,33.2 1 0
github.com/onurcevik/notification-service/internal/queue/relay.go:36.48,37.39 1 0
github.com/onurcevik/notification-service/internal/queue/relay.go:37.39,39.3 1 0
github.com/onurcevik/notification-service/internal/queue/relay.go:41.2,44.6 3 0
github.com/onurcevik/notification-service/internal/queue/relay.go:44.6,45.10 1 0
github.com/onurcevik/notification-service/internal/queue/relay.go:46.19,47.38 1 0
github.com/onurcevik/notification-service/internal/queue/relay.go:47.38,49.5 1 0
github.com/onurcevik/notification-service/internal/queue/relay.go:50.21,51.10 1 0
github.com/onurcevik/notification-service/internal/queue/relay.go:56.55,58.33 2 0
github.com/onurcevik/notification-service/internal/queue/relay.go:58.33,60.3 1 0
github.com/onurcevik/notification-service/internal/queue/relay.go:62.2,63.25 2 0
github.com/onurcevik/notification-service/internal/queue/relay.go:63.25,65.17 2 0
github.com/onurcevik/notification-service/internal/queue/relay.go:65.17,67.12 2 0
github.com/onurcevik/notification-service/internal/queue/relay.go:69.3,69.49 1 0
github.com/onurcevik/notification-service/internal/queue/relay.go:69.49,71.12 2 0
github.com/onurcevik/notification-service/internal/queue/relay.go:73.3,73.36 1 0
github.com/onurcevik/notification-service/internal/queue/relay.go:76.2,76.25 1 0
github.com/onurcevik/notification-service/internal/queue/relay.go:76.25,78.3 1 0
github.com/onurcevik/notification-service/internal/queue/relay.go:79.2,79.50 1 0
github.com/onurcevik/notification-service/internal/queue/relay.go:82.58,84.33 2 0
github.com/onurcevik/notification-service/internal/queue/relay.go:84.33,86.3 1 0
github.com/onurcevik/notification-service/internal/queue/relay.go:87.2,89.25 3 0
github.com/onurcevik/notification-service/internal/queue/relay.go:89.25,91.17 2 0
github.com/onurcevik/notification-service/internal/queue/relay.go:91.17,93.12 2 0
github.com/onurcevik/notification-service/internal/queue/relay.go:95.3,95.49 1 0
github.com/onurcevik/notification-service/internal/queue/relay.go:95.49,97.12 2 0
github.com/onurcevik/notification-service/internal/queue/relay.go:99.3,99.36 1 0
github.com/onurcevik/notification-service/internal/queue/relay.go:101.2,101.25 1 0
github.com/onurcevik/notification-service/internal/queue/relay.go:101.25,103.3 1 0
github.com/onurcevik/notification-service/internal/queue/relay.go:104.2,104.50 1 0
github.com/onurcevik/notification-service/internal/queue/stream.go:44.98,46.24 2 0
github.com/onurcevik/notification-service/internal/queue/stream.go:46.24,48.3 1 0
github.com/onurcevik/notification-service/internal/queue/stream.go:49.2,49.10 1 0
github.com/onurcevik/notification-service/internal/queue/stream.go:54.47,56.2 1 0
github.com/onurcevik/notification-service/internal/queue/stream.go:60.54,61.71 1 0
github.com/onurcevik/notification-service/internal/queue/stream.go:61.71,63.51 2 0
github.com/onurcevik/notification-service/internal/queue/stream.go:63.51,65.4 1 0
github.com/onurcevik/notification-service/internal/queue/stream.go:67.2,67.12 1 0
github.com/onurcevik/notification-service/internal/queue/stream.go:71.81,74.16 3 0
github.com/onurcevik/notification-service/internal/queue/stream.go:74.16,76.3 1 0
github.com/onurcevik/notification-service/internal/queue/stream.go:77.2,80.10 1 0
github.com/onurcevik/notification-service/internal/queue/stream.go:85.69,86.71 1 0
github.com/onurcevik/notification-service/internal/queue/stream.go:86.71,94.65 2 0
github.com/onurcevik/notification-service/internal/queue/stream.go:94.65,95.12 1 0
github.com/onurcevik/notification-service/internal/queue/stream.go:98.3,100.10 3 0
github.com/onurcevik/notification-service/internal/queue/stream.go:100.10,101.12 1 0
github.com/onurcevik/notification-service/internal/queue/stream.go:104.3,105.58 2 0
github.com/onurcevik/notification-service/internal/queue/stream.go:105.58,106.12 1 0
github.com/onurcevik/notification-service/internal/queue/stream.go:109.3,109.69 1 0
github.com/onurcevik/notification-service/internal/queue/stream.go:111.2,111.17 1 0
github.com/onurcevik/notification-service/internal/queue/stream.go:115.82,117.2 1 0
github.com/onurcevik/notification-service/internal/queue/stream.go:120.98,122.16 2 0
github.com/onurcevik/notification-service/internal/queue/stream.go:122.16,124.3 1 0
github.com/onurcevik/notification-service/internal/queue/stream.go:125.2,131.10 1 0
github.com/onurcevik/notification-service/internal/queue/stream.go:135.66,136.11 1 0
github.com/onurcevik/notification-service/internal/queue/stream.go:137.27,138.20 1 0
github.com/onurcevik/notification-service/internal/queue/stream.go:139.26,140.19 1 0
github.com/onurcevik/notification-service/internal/queue/stream.go:141.10,142.22 1 0
github.com/onurcevik/notification-service/internal/repository/errors.go:19.32,20.16 1 4
github.com/onurcevik/notification-service/internal/repository/errors.go:20.16,22.3 1 1
github.com/onurcevik/notification-service/internal/repository/errors.go:23.2,24.53 2 3
github.com/onurcevik/notification-service/internal/repository/errors.go:24.53,26.3 1 1
github.com/onurcevik/notification-service/internal/repository/errors.go:27.2,27.12 1 2
github.com/onurcevik/notification-service/internal/repository/event.go:16.70,18.2 1 0
github.com/onurcevik/notification-service/internal/repository/event.go:21.103,28.2 2 0
github.com/onurcevik/notification-service/internal/repository/event.go:31.91,37.16 2 0
github.com/onurcevik/notification-service/internal/repository/event.go:37.16,39.3 1 0
github.com/onurcevik/notification-service/internal/repository/event.go:40.2,41.30 2 0
github.com/onurcevik/notification-service/internal/repository/event.go:45.90,52.2 2 0
github.com/onurcevik/notification-service/internal/repository/event.go:55.85,62.16 2 0
github.com/onurcevik/notification-service/internal/repository/event.go:62.16,64.3 1 0
github.com/onurcevik/notification-service/internal/repository/event.go:65.2,66.30 2 0
github.com/onurcevik/notification-service/internal/repository/event.go:69.55,71.18 2 0
github.com/onurcevik/notification-service/internal/repository/event.go:71.18,73.40 2 0
github.com/onurcevik/notification-service/internal/repository/event.go:73.40,75.4 1 0
github.com/onurcevik/notification-service/internal/repository/event.go:76.3,76.24 1 0
github.com/onurcevik/notification-service/internal/repository/event.go:78.2,78.24 1 0
github.com/onurcevik/notification-service/internal/repository/notification.go:21.84,23.2 1 0
github.com/onurcevik/notification-service/internal/repository/notification.go:26.111,38.2 3 0
github.com/onurcevik/notification-service/internal/repository/notification.go:41.112,48.2 1 0
github.com/onurcevik/notification-service/internal/repository/notification.go:51.125,58.2 1 0
github.com/onurcevik/notification-service/internal/repository/notification.go:61.138,68.2 1 0
github.com/onurcevik/notification-service/internal/repository/notification.go:71.137,80.16 2 0
github.com/onurcevik/notification-service/internal/repository/notification.go:80.16,82.3 1 0
github.com/onurcevik/notification-service/internal/repository/notification.go:83.2,83.29 1 0
github.com/onurcevik/notification-service/internal/repository/notification.go:83.29,85.3 1 0
github.com/onurcevik/notification-service/internal/repository/notification.go:86.2,86.12 1 0
github.com/onurcevik/notification-service/internal/repository/notification.go:90.97,97.2 2 0
github.com/onurcevik/notification-service/internal/repository/notification.go:100.87,106.16 2 0
github.com/onurcevik/notification-service/internal/repository/notification.go:106.16,108.3 1 0
github.com/onurcevik/notification-service/internal/repository/notification.go:109.2,109.29 1 0
github.com/onurcevik/notification-service/internal/repository/notification.go:109.29,113.31 2 0
github.com/onurcevik/notification-service/internal/repository/notification.go:113.31,115.4 1 0
github.com/onurcevik/notification-service/internal/repository/notification.go:116.3,116.14 1 0
github.com/onurcevik/notification-service/internal/repository/notification.go:116.14,118.4 1 0
github.com/onurcevik/notification-service/internal/repository/notification.go:120.3,120.25 1 0
github.com/onurcevik/notification-service/internal/repository/notification.go:122.2,122.12 1 0
github.com/onurcevik/notification-service/internal/repository/notification.go:126.124,127.35 1 0
github.com/onurcevik/notification-service/internal/repository/notification.go:127.35,129.3 1 0
github.com/onurcevik/notification-service/internal/repository/notification.go:131.2,140.21 4 0
github.com/onurcevik/notification-service/internal/repository/notification.go:140.21,144.3 3 0
github.com/onurcevik/notification-service/internal/repository/notification.go:145.2,145.22 1 0
github.com/onurcevik/notification-service/internal/repository/notification.go:145.22,149.3 3 0
github.com/onurcevik/notification-service/internal/repository/notification.go:150.2,150.22 1 0
github.com/onurcevik/notification-service/internal/repository/notification.go:150.22,154.3 3 0
github.com/onurcevik/notification-service/internal/repository/notification.go:155.2,155.27 1 0
github.com/onurcevik/notification-service/internal/repository/notification.go:155.27,159.3 3 0
github.com/onurcevik/notification-service/internal/repository/notification.go:160.2,160.28 1 0
github.com/onurcevik/notification-service/internal/repository/notification.go:160.28,164.3 3 0
github.com/onurcevik/notification-service/internal/repository/notification.go:165.2,165.51 1 0
github.com/onurcevik/notification-service/internal/repository/notification.go:165.51,169.3 3 0
github.com/onurcevik/notification-service/internal/repository/notification.go:171.2,175.16 4 0
github.com/onurcevik/notification-service/internal/repository/notification.go:175.16,177.3 1 0
github.com/onurcevik/notification-service/internal/repository/notification.go:178.2,181.18 3 0
github.com/onurcevik/notification-service/internal/repository/notification.go:181.18,183.17 2 0
github.com/onurcevik/notification-service/internal/repository/notification.go:183.17,185.4 1 0
github.com/onurcevik/notification-service/internal/repository/notification.go:186.3,186.32 1 0
github.com/onurcevik/notification-service/internal/repository/notification.go:188.2,188.35 1 0
github.com/onurcevik/notification-service/internal/repository/notification.go:188.35,190.3 1 0
github.com/onurcevik/notification-service/internal/repository/notification.go:192.2,193.28 2 0
github.com/onurcevik/notification-service/internal/repository/notification.go:193.28,198.3 3 0
github.com/onurcevik/notification-service/internal/repository/notification.go:199.2,199.29 1 0
github.com/onurcevik/notification-service/internal/repository/notification.go:203.112,212.16 2 0
github.com/onurcevik/notification-service/internal/repository/notification.go:212.16,214.3 1 0
github.com/onurcevik/notification-service/internal/repository/notification.go:215.2,218.18 3 0
github.com/onurcevik/notification-service/internal/repository/notification.go:218.18,220.17 2 0
github.com/onurcevik/notification-service/internal/repository/notification.go:220.17,222.4 1 0
github.com/onurcevik/notification-service/internal/repository/notification.go:223.3,223.32 1 0
github.com/onurcevik/notification-service/internal/repository/notification.go:225.2,225.28 1 0
github.com/onurcevik/notification-service/internal/repository/notification.go:228.57,236.35 3 0
github.com/onurcevik/notification-service/internal/repository/notification.go:236.35,238.3 1 0
github.com/onurcevik/notification-service/internal/repository/notification.go:239.2,239.16 1 0
github.com/onurcevik/notification-service/internal/repository/notification.go:242.59,251.2 3 0
github.com/onurcevik/notification-service/internal/repository/tx.go:16.55,18.2 1 0
github.com/onurcevik/notification-service/internal/repository/tx.go:21.94,23.16 2 0
github.com/onurcevik/notification-service/internal/repository/tx.go:23.16,25.3 1 0
github.com/onurcevik/notification-service/internal/repository/tx.go:26.2,28.31 2 0
github.com/onurcevik/notification-service/internal/repository/tx.go:28.31,30.3 1 0
github.com/onurcevik/notification-service/internal/repository/tx.go:31.2,31.23 1 0
github.com/onurcevik/notification-service/internal/service/notification.go:58.24,60.2 1 15
github.com/onurcevik/notification-service/internal/service/notification.go:64.119,74.25 5 4
github.com/onurcevik/notification-service/internal/service/notification.go:74.25,76.3 1 0
github.com/onurcevik/notification-service/internal/service/notification.go:76.8,78.3 1 4
github.com/onurcevik/notification-service/internal/service/notification.go:80.2,80.58 1 4
github.com/onurcevik/notification-service/internal/service/notification.go:80.58,81.62 1 2
github.com/onurcevik/notification-service/internal/service/notification.go:81.62,83.61 2 1
github.com/onurcevik/notification-service/internal/service/notification.go:83.61,85.5 1 0
github.com/onurcevik/notification-service/internal/service/notification.go:86.4,86.17 1 1
github.com/onurcevik/notification-service/internal/service/notification.go:86.17,89.5 2 1
github.com/onurcevik/notification-service/internal/service/notification.go:91.3,91.51 1 1
github.com/onurcevik/notification-service/internal/service/notification.go:91.51,93.4 1 0
github.com/onurcevik/notification-service/internal/service/notification.go:94.3,94.27 1 1
github.com/onurcevik/notification-service/internal/service/notification.go:94.27,96.4 1 1
github.com/onurcevik/notification-service/internal/service/notification.go:97.3,97.13 1 0
github.com/onurcevik/notification-service/internal/service/notification.go:99.2,99.16 1 4
github.com/onurcevik/notification-service/internal/service/notification.go:99.16,100.72 1 2
github.com/onurcevik/notification-service/internal/service/notification.go:100.72,102.17 2 1
github.com/onurcevik/notification-service/internal/service/notification.go:102.17,104.5 1 1
github.com/onurcevik/notification-service/internal/service/notification.go:106.3,106.25 1 1
github.com/onurcevik/notification-service/internal/service/notification.go:108.2,108.21 1 2
github.com/onurcevik/notification-service/internal/service/notification.go:108.21,110.3 1 1
github.com/onurcevik/notification-service/internal/service/notification.go:112.2,112.21 1 1
github.com/onurcevik/notification-service/internal/service/notification.go:116.134,123.58 5 3
github.com/onurcevik/notification-service/internal/service/notification.go:123.58,124.35 1 1
github.com/onurcevik/notification-service/internal/service/notification.go:124.35,127.52 3 2
github.com/onurcevik/notification-service/internal/service/notification.go:127.52,129.5 1 0
github.com/onurcevik/notification-service/internal/service/notification.go:130.4,130.60 1 2
github.com/onurcevik/notification-service/internal/service/notification.go:130.60,132.5 1 0
github.com/onurcevik/notification-service/internal/service/notification.go:134.3,134.13 1 1
github.com/onurcevik/notification-service/internal/service/notification.go:136.2,136.16 1 3
github.com/onurcevik/notification-service/internal/service/notification.go:136.16,138.3 1 2
github.com/onurcevik/notification-service/internal/service/notification.go:139.2,139.27 1 1
github.com/onurcevik/notification-service/internal/service/notification.go:143.97,145.2 1 3
github.com/onurcevik/notification-service/internal/service/notification.go:148.113,150.2 1 2
github.com/onurcevik/notification-service/internal/service/notification.go:153.76,155.2 1 3
github.com/onurcevik/notification-service/internal/service/scheduler.go:27.14,29.2 1 6
github.com/onurcevik/notification-service/internal/service/scheduler.go:32.46,35.6 3 1
github.com/onurcevik/notification-service/internal/service/scheduler.go:35.6,36.10 1 1
github.com/onurcevik/notification-service/internal/service/scheduler.go:37.19,38.38 1 0
github.com/onurcevik/notification-service/internal/service/scheduler.go:38.38,40.5 1 0
github.com/onurcevik/notification-service/internal/service/scheduler.go:41.21,42.10 1 1
github.com/onurcevik/notification-service/internal/service/scheduler.go:48.53,50.2 1 5
github.com/onurcevik/notification-service/internal/service/scheduler.go:52.53,54.16 2 5
github.com/onurcevik/notification-service/internal/service/scheduler.go:54.16,56.3 1 1
github.com/onurcevik/notification-service/internal/service/scheduler.go:57.2,57.24 1 4
github.com/onurcevik/notification-service/internal/service/scheduler.go:57.24,58.43 1 5
github.com/onurcevik/notification-service/internal/service/scheduler.go:58.43,62.4 1 2
github.com/onurcevik/notification-service/internal/service/scheduler.go:64.2,64.12 1 4
github.com/onurcevik/notification-service/internal/service/scheduler.go:67.79,68.58 1 5
github.com/onurcevik/notification-service/internal/service/scheduler.go:68.58,69.59 1 5
github.com/onurcevik/notification-service/internal/service/scheduler.go:69.59,71.4 1 1
github.com/onurcevik/notification-service/internal/service/scheduler.go:72.3,72.66 1 4
github.com/onurcevik/notification-service/internal/provider/webhook.go:38.54,40.2 1 6
github.com/onurcevik/notification-service/internal/provider/webhook.go:43.85,44.19 1 7
github.com/onurcevik/notification-service/internal/provider/webhook.go:44.19,46.3 1 0
github.com/onurcevik/notification-service/internal/provider/webhook.go:47.2,47.51 1 7
github.com/onurcevik/notification-service/internal/provider/webhook.go:51.109,64.16 5 7
github.com/onurcevik/notification-service/internal/provider/webhook.go:64.16,66.3 1 0
github.com/onurcevik/notification-service/internal/provider/webhook.go:68.2,69.16 2 7
github.com/onurcevik/notification-service/internal/provider/webhook.go:69.16,71.3 1 0
github.com/onurcevik/notification-service/internal/provider/webhook.go:72.2,75.16 3 7
github.com/onurcevik/notification-service/internal/provider/webhook.go:75.16,77.3 1 2
github.com/onurcevik/notification-service/internal/provider/webhook.go:78.2,80.53 2 5
github.com/onurcevik/notification-service/internal/provider/webhook.go:80.53,82.3 1 2
github.com/onurcevik/notification-service/internal/provider/webhook.go:84.2,85.67 2 3
github.com/onurcevik/notification-service/internal/provider/webhook.go:85.67,88.3 1 1
github.com/onurcevik/notification-service/internal/provider/webhook.go:90.2,91.16 2 3
github.com/onurcevik/notification-service/internal/provider/webhook.go:91.16,94.3 1 1
github.com/onurcevik/notification-service/internal/provider/webhook.go:96.2,100.8 1 3
github.com/onurcevik/notification-service/internal/ratelimit/ratelimiter.go:23.70,25.2 1 3
github.com/onurcevik/notification-service/internal/ratelimit/ratelimiter.go:29.72,30.22 1 3
github.com/onurcevik/notification-service/internal/ratelimit/ratelimiter.go:30.22,32.3 1 2
github.com/onurcevik/notification-service/internal/ratelimit/ratelimiter.go:33.2,33.6 1 1
github.com/onurcevik/notification-service/internal/ratelimit/ratelimiter.go:33.6,39.43 5 1
github.com/onurcevik/notification-service/internal/ratelimit/ratelimiter.go:39.43,42.4 1 1
github.com/onurcevik/notification-service/internal/ratelimit/ratelimiter.go:44.3,44.39 1 0
github.com/onurcevik/notification-service/internal/ratelimit/ratelimiter.go:44.39,46.4 1 0
github.com/onurcevik/notification-service/internal/ratelimit/ratelimiter.go:49.3,49.10 1 0
github.com/onurcevik/notification-service/internal/ratelimit/ratelimiter.go:50.21,51.20 1 0
github.com/onurcevik/notification-service/internal/ratelimit/ratelimiter.go:52.84,52.84 0 0
